[1/3] Loading dataset...
  Loaded: train=4110 val frames (from full split), test=4110 frames [156.9s]
[2/3] Scanning thresholds on test set...
  t=0.010: P=0.0104 R=1.0000 F1=0.0206 | TP=1050 FP=99864 FN=0 TN=0
  t=0.060: P=0.0271 R=1.0000 F1=0.0528 | TP=1050 FP=37701 FN=0 TN=62163
  t=0.100: P=0.0401 R=1.0000 F1=0.0772 | TP=1050 FP=25110 FN=0 TN=74754
  t=0.110: P=0.7848 R=1.0000 F1=0.8794 | TP=1050 FP=288 FN=0 TN=99576
  t=0.120: P=0.9906 R=1.0000 F1=0.9953 | TP=1050 FP=10 FN=0 TN=99854
  t=0.130: P=1.0000 R=1.0000 F1=1.0000 | TP=1050 FP=0 FN=0 TN=99864
  t=0.140: P=1.0000 R=1.0000 F1=1.0000 | TP=1050 FP=0 FN=0 TN=99864
  t=0.150: P=1.0000 R=1.0000 F1=1.0000 | TP=1050 FP=0 FN=0 TN=99864
  t=0.160: P=1.0000 R=1.0000 F1=1.0000 | TP=1050 FP=0 FN=0 TN=99864
  t=0.170: P=1.0000 R=1.0000 F1=1.0000 | TP=1050 FP=0 FN=0 TN=99864
  t=0.180: P=1.0000 R=1.0000 F1=1.0000 | TP=1050 FP=0 FN=0 TN=99864
  t=0.190: P=1.0000 R=1.0000 F1=1.0000 | TP=1050 FP=0 FN=0 TN=99864
  t=0.200: P=1.0000 R=1.0000 F1=1.0000 | TP=1050 FP=0 FN=0 TN=99864
  t=0.210: P=1.0000 R=1.0000 F1=1.0000 | TP=1050 FP=0 FN=0 TN=99864
  t=0.220: P=1.0000 R=1.0000 F1=1.0000 | TP=1050 FP=0 FN=0 TN=99864
  t=0.230: P=1.0000 R=1.0000 F1=1.0000 | TP=1050 FP=0 FN=0 TN=99864
  t=0.260: P=1.0000 R=1.0000 F1=1.0000 | TP=1050 FP=0 FN=0 TN=99864
  t=0.310: P=1.0000 R=1.0000 F1=1.0000 | TP=1050 FP=0 FN=0 TN=99864
  t=0.360: P=1.0000 R=1.0000 F1=1.0000 | TP=1050 FP=0 FN=0 TN=99864
  t=0.410: P=1.0000 R=1.0000 F1=1.0000 | TP=1050 FP=0 FN=0 TN=99864
  t=0.460: P=1.0000 R=1.0000 F1=1.0000 | TP=1050 FP=0 FN=0 TN=99864

[3/3] Saving results...

  Saved: exp_results/realdata/pr_curve_scan_v6_41K.json

  Best F1 on test: 1.0000 at thr=0.130
  Best R on test:  1.0000 at thr=0.010
  Precision at threshold=0.15: P=1.0000 R=0.7143 F1=0.8333
