========================================================================
K-HSTGAN Real CARLA Data Experiment
  device=cuda:1, max_actors=25, epochs=3
========================================================================

[1/5] Loading real CARLA data...
  Mode: max_frames=2000
  train: 2000 frames, val: 2000, test: 2000
  Data loading: 55.5s

[2/5] Dataset stats (sampled first 50 frames):
  train: 2000 frames, avg_nodes=20.2, avg_edges=100.8, anom_nodes(sampled)=0
  val: 2000 frames, avg_nodes=10.8, avg_edges=53.9, anom_nodes(sampled)=0
  test: 2000 frames, avg_nodes=10.8, avg_edges=53.9, anom_nodes(sampled)=0

[3/5] Initializing K-HSTGAN model...
  Model: 132,607 parameters

[4/5] Training...
===============================================================================================
  ep  stage     loss      L0      L1   g_norm |  val_P  val_R  val_F1  val_acc  val_loss
-----------------------------------------------------------------------------------------------
   0      1   0.8906  0.3746  0.5646   0.0000 |  0.000  0.000   0.000    1.000    0.6931 [35.3s]
   1      1   0.8716  0.3740  0.5624   0.0000 |  0.000  0.000   0.000    1.000    0.6931 [41.1s]
   2      1   0.8697  0.3740  0.5623   0.0000 |  0.000  0.000   0.000    1.000    0.6931 [42.3s]

[5/5] Evaluation on test set...

========================================================================
RESULTS
========================================================================
  Test:  P=0.000  R=0.000  F1=0.000  acc=0.989
  TP=0 FP=0 TN=48616 FN=520
  Best val F1: 0.000
  Train time:  118.8s
  Saved: /home/aisecurity/01_ZHB/SpatioTemporalKG/exp_results/realdata/results.json
========================================================================
{'test': {'P': 0.0, 'R': 0.0, 'F1': 0.0, 'accuracy': 0.9894, 'val_loss': 0.6931471830010414, 'TP': 0, 'FP': 0, 'TN': 48616, 'FN': 520, 'n_total': 49136}, 'best_val_f1': 0.0, 'epochs_ran': 3, 'train_time_sec': 118.7520477771759, 'config': {'max_actors': 25, 'epochs': 3, 'lr': 0.001, 'device': 'cuda:1', 'train_frames': 2000, 'val_frames': 2000, 'test_frames': 2000}}
