========================================================================
K-HSTGAN Real CARLA Data Experiment
  device=cuda:0, max_actors=25, epochs=20
========================================================================

[1/5] Loading real CARLA data...
  Mode: max_frames=2000
  train: 2000 frames, val: 2000, test: 2000
  Data loading: 59.3s

[2/5] Dataset stats (sampled first 50 frames):
  train: 2000 frames, avg_nodes=20.2, avg_edges=100.8, anom_nodes(sampled)=0
  val: 2000 frames, avg_nodes=10.8, avg_edges=53.9, anom_nodes(sampled)=0
  test: 2000 frames, avg_nodes=10.8, avg_edges=53.9, anom_nodes(sampled)=0

[3/5] Initializing K-HSTGAN model...
  Model: 132,607 parameters

[4/5] Training...
===============================================================================================
  ep  stage     loss      L0      L1   g_norm |  val_P  val_R  val_F1  val_acc  val_loss
-----------------------------------------------------------------------------------------------
   0      2   0.9444  0.0395  0.5642   0.0000 |  1.000  1.000   1.000    1.000    0.0506 [38.0s]
   1      2   0.8943  0.0099  0.5624   0.0000 |  1.000  1.000   1.000    1.000    0.0340 [40.1s]
   2      2   0.8904  0.0092  0.5624   0.0000 |  1.000  1.000   1.000    1.000    0.1520 [45.6s]
   3      2   0.8857  0.0069  0.5624   0.0000 |  1.000  1.000   1.000    1.000    0.0231 [42.2s]
   4      2   0.8816  0.0041  0.5624   0.0000 |  1.000  1.000   1.000    1.000    0.0232 [48.9s]
   5      2   0.8819  0.0059  0.5624   0.0000 |  1.000  1.000   1.000    1.000    0.0246 [36.3s]
   6      2   0.8806  0.0054  0.5624   0.0000 |  1.000  1.000   1.000    1.000    0.0142 [39.8s]
   7      2   0.8772  0.0028  0.5623   0.0000 |  1.000  1.000   1.000    1.000    0.0194 [37.2s]
   8      2   0.8807  0.0070  0.5623   0.0000 |  1.000  1.000   1.000    1.000    0.0190 [42.7s]
   9      2   0.8858  0.0101  0.5630   0.0000 |  1.000  1.000   1.000    1.000    0.0147 [39.7s]
  10      2   0.8800  0.0059  0.5623   0.0000 |  1.000  1.000   1.000    1.000    0.1684 [37.7s]
  11      2   0.8758  0.0024  0.5623   0.0000 |  1.000  1.000   1.000    1.000    0.0071 [39.8s]
  12      2   0.8802  0.0070  0.5623   0.0000 |  1.000  1.000   1.000    1.000    0.0539 [39.0s]
  13      2   0.8763  0.0034  0.5623   0.0000 |  1.000  1.000   1.000    1.000    0.0176 [37.4s]
  14      2   0.8786  0.0057  0.5623   0.0000 |  1.000  1.000   1.000    1.000    0.0196 [38.3s]
  15      2   0.8773  0.0048  0.5623   0.0000 |  1.000  1.000   1.000    1.000    0.0051 [41.5s]
  16      2   0.8798  0.0071  0.5623   0.0000 |  1.000  1.000   1.000    1.000    0.0173 [37.1s]
  17      2   0.8766  0.0042  0.5623   0.0000 |  1.000  1.000   1.000    1.000    0.0320 [41.8s]
  18      2   0.8774  0.0048  0.5623   0.0000 |  1.000  1.000   1.000    1.000    0.0234 [37.9s]
  19      2   0.8775  0.0050  0.5623   0.0000 |  1.000  1.000   1.000    1.000    0.0566 [38.8s]

[5/5] Evaluation on test set...

========================================================================
RESULTS
========================================================================
  Test:  P=1.000  R=0.727  F1=0.842  acc=0.997
  TP=378 FP=0 TN=48616 FN=142
  Best val F1: 1.000
  Train time:  799.9s
  Saved: /home/aisecurity/01_ZHB/SpatioTemporalKG/exp_results/realdata/results.json
========================================================================
{'test': {'P': 1.0, 'R': 0.7269, 'F1': 0.8419, 'accuracy': 0.9971, 'val_loss': 0.06146312671341002, 'TP': 378, 'FP': 0, 'TN': 48616, 'FN': 142, 'n_total': 49136}, 'best_val_f1': 1.0, 'epochs_ran': 20, 'train_time_sec': 799.8503336906433, 'config': {'max_actors': 25, 'epochs': 20, 'lr': 0.001, 'device': 'cuda:0', 'train_frames': 2000, 'val_frames': 2000, 'test_frames': 2000}}
