========================================================================
K-HSTGAN Real CARLA Data Experiment
  device=cuda:1, max_actors=25, epochs=8
========================================================================

[1/5] Loading real CARLA data...
  Mode: max_frames=2000
  train: 2000 frames, val: 2000, test: 2000
  Data loading: 54.3s

[2/5] Dataset stats (sampled first 50 frames):
  train: 2000 frames, avg_nodes=20.2, avg_edges=100.8, anom_nodes(sampled)=0
  val: 2000 frames, avg_nodes=10.8, avg_edges=53.9, anom_nodes(sampled)=0
  test: 2000 frames, avg_nodes=10.8, avg_edges=53.9, anom_nodes(sampled)=0

[3/5] Initializing K-HSTGAN model...
  Model: 132,607 parameters

[4/5] Training...
===============================================================================================
  ep  stage     loss      L0      L1   g_norm |  val_P  val_R  val_F1  val_acc  val_loss
-----------------------------------------------------------------------------------------------
   0      1   0.8900  0.3746  0.5646   0.0000 |  0.000  0.000   0.000    1.000    0.6931 [37.5s]
   1      1   0.8715  0.3740  0.5624   0.0000 |  0.000  0.000   0.000    1.000    0.6931 [44.9s]
   2      1   0.8698  0.3740  0.5623   0.0000 |  0.000  0.000   0.000    1.000    0.6931 [36.4s]
   3      1   0.8693  0.3740  0.5623   0.0000 |  0.000  0.000   0.000    1.000    0.6931 [35.8s]
   4      1   0.8691  0.3740  0.5623   0.0000 |  0.000  0.000   0.000    1.000    0.6931 [49.9s]
   5      2   1.0445  0.1753  0.5623   0.0000 |  0.000  0.000   0.000    1.000    0.0053 [46.3s]
   6      2   1.0423  0.1733  0.5623   0.0000 |  0.000  0.000   0.000    1.000    0.0053 [47.4s]
   7      2   1.0422  0.1733  0.5623   0.0000 |  0.000  0.000   0.000    1.000    0.0053 [41.5s]

[5/5] Evaluation on test set...

========================================================================
RESULTS
========================================================================
  Test:  P=0.000  R=0.000  F1=0.000  acc=0.989
  TP=0 FP=0 TN=48616 FN=520
  Best val F1: 0.000
  Train time:  339.7s
  Saved: /home/aisecurity/01_ZHB/SpatioTemporalKG/exp_results/realdata/results.json
========================================================================
{'test': {'P': 0.0, 'R': 0.0, 'F1': 0.0, 'accuracy': 0.9894, 'val_loss': 0.10580969181177716, 'TP': 0, 'FP': 0, 'TN': 48616, 'FN': 520, 'n_total': 49136}, 'best_val_f1': 0.0, 'epochs_ran': 8, 'train_time_sec': 339.72784447669983, 'config': {'max_actors': 25, 'epochs': 8, 'lr': 0.001, 'device': 'cuda:1', 'train_frames': 2000, 'val_frames': 2000, 'test_frames': 2000}}
