========================================================================
K-HSTGAN Real CARLA Data Experiment
  device=cuda:0, max_actors=25, epochs=20
========================================================================

[1/5] Loading real CARLA data...
  Mode: max_frames=2000
  train: 2000 frames, val: 2000, test: 2000
  Data loading: 63.6s

[2/5] Dataset stats (sampled first 50 frames):
  train: 2000 frames, avg_nodes=20.2, avg_edges=100.8, anom_nodes(sampled)=0
  val: 2000 frames, avg_nodes=10.8, avg_edges=53.9, anom_nodes(sampled)=0
  test: 2000 frames, avg_nodes=10.8, avg_edges=53.9, anom_nodes(sampled)=0

[3/5] Initializing K-HSTGAN model...
  Model: 132,607 parameters

[4/5] Training...
===============================================================================================
  ep  stage     loss      L0      L1   g_norm |  val_P  val_R  val_F1  val_acc  val_loss
-----------------------------------------------------------------------------------------------
  [oversample] pos_frames=401, neg_frames=1599 (of 2000 scanned), repeat=5, pool_size=3604, sampled=2000
   0      2   0.9469  0.0250  0.5843   0.0000 |  0.017  1.000   0.034    0.970    0.1190 [38.9s]
   1      2   0.9063  0.0075  0.5802   0.0000 |  1.000  1.000   1.000    1.000    0.0972 [40.5s]
   2      2   0.8974  0.0022  0.5812   0.0000 |  1.000  1.000   1.000    1.000    0.0567 [44.9s]
   3      2   0.8953  0.0027  0.5817   0.0000 |  1.000  1.000   1.000    1.000    0.0652 [34.9s]
   4      2   0.8959  0.0037  0.5826   0.0000 |  1.000  1.000   1.000    1.000    0.0819 [38.8s]
   5      2   0.8931  0.0029  0.5811   0.0000 |  1.000  1.000   1.000    1.000    0.0474 [39.1s]
   6      2   0.8947  0.0034  0.5829   0.0000 |  1.000  1.000   1.000    1.000    0.0962 [37.0s]
   7      2   0.8900  0.0019  0.5811   0.0000 |  1.000  1.000   1.000    1.000    0.0236 [38.7s]
   8      2   0.8904  0.0013  0.5823   0.0000 |  1.000  1.000   1.000    1.000    0.0787 [38.1s]
   9      2   0.8929  0.0045  0.5820   0.0000 |  1.000  1.000   1.000    1.000    0.0494 [44.8s]
  10      2   0.8892  0.0017  0.5814   0.0000 |  1.000  1.000   1.000    1.000    0.0849 [43.6s]
  11      2   0.8919  0.0047  0.5811   0.0000 |  1.000  1.000   1.000    1.000    0.0793 [41.5s]
  12      2   0.8911  0.0030  0.5815   0.0000 |  1.000  1.000   1.000    1.000    0.0546 [45.2s]
  13      2   0.8905  0.0028  0.5820   0.0000 |  1.000  1.000   1.000    1.000    0.0640 [40.7s]
  14      2   0.8917  0.0037  0.5815   0.0000 |  1.000  1.000   1.000    1.000    0.0317 [38.5s]
  15      2   0.8923  0.0032  0.5831   0.0000 |  1.000  1.000   1.000    1.000    0.0820 [38.3s]
  16      2   0.8895  0.0026  0.5811   0.0000 |  1.000  1.000   1.000    1.000    0.0161 [43.8s]
  17      2   0.8922  0.0051  0.5805   0.0000 |  1.000  1.000   1.000    1.000    0.0647 [39.1s]
  18      2   0.8890  0.0009  0.5827   0.0000 |  1.000  1.000   1.000    1.000    0.0672 [40.5s]
  19      2   0.8912  0.0044  0.5808   0.0000 |  1.000  1.000   1.000    1.000    0.0556 [38.8s]

[5/5] Evaluation on test set...

========================================================================
RESULTS
========================================================================
  Test:  P=1.000  R=1.000  F1=1.000  acc=1.000
  TP=520 FP=0 TN=48616 FN=0
  Best val F1: 1.000
  Train time:  805.7s
  Saved: /home/aisecurity/01_ZHB/SpatioTemporalKG/exp_results/realdata/results.json
========================================================================
{'test': {'P': 1.0, 'R': 1.0, 'F1': 1.0, 'accuracy': 1.0, 'val_loss': 0.10409841471165418, 'TP': 520, 'FP': 0, 'TN': 48616, 'FN': 0, 'n_total': 49136}, 'best_val_f1': 1.0, 'epochs_ran': 20, 'train_time_sec': 805.6600768566132, 'config': {'max_actors': 25, 'epochs': 20, 'lr': 0.001, 'device': 'cuda:0', 'train_frames': 2000, 'val_frames': 2000, 'test_frames': 2000}}
