========================================================================
K-HSTGAN Real CARLA Data Experiment
  device=cuda:1, max_actors=25, epochs=8
========================================================================

[1/5] Loading real CARLA data...
  Mode: max_frames=2000
  train: 2000 frames, val: 2000, test: 2000
  Data loading: 52.9s

[2/5] Dataset stats (sampled first 50 frames):
  train: 2000 frames, avg_nodes=20.2, avg_edges=100.8, anom_nodes(sampled)=0
  val: 2000 frames, avg_nodes=10.8, avg_edges=53.9, anom_nodes(sampled)=0
  test: 2000 frames, avg_nodes=10.8, avg_edges=53.9, anom_nodes(sampled)=0

[3/5] Initializing K-HSTGAN model...
  Model: 132,607 parameters

[4/5] Training...
===============================================================================================
  ep  stage     loss      L0      L1   g_norm |  val_P  val_R  val_F1  val_acc  val_loss
-----------------------------------------------------------------------------------------------
   0      2   0.9904  0.0956  0.5636   0.0000 |  0.000  0.000   0.000    1.000    0.3252 [36.1s]
   1      2   0.9668  0.0925  0.5624   0.0000 |  0.000  0.000   0.000    1.000    0.3703 [35.1s]
   2      2   0.9645  0.0930  0.5623   0.0000 |  0.000  0.000   0.000    1.000    0.4119 [44.3s]
   3      2   0.9627  0.0923  0.5623   0.0000 |  0.000  0.000   0.000    1.000    0.3608 [47.2s]
   4      2   0.9623  0.0923  0.5623   0.0000 |  0.000  0.000   0.000    1.000    0.3703 [47.8s]
   5      2   0.9619  0.0920  0.5623   0.0000 |  0.000  0.000   0.000    1.000    0.3592 [45.6s]
   6      2   0.9617  0.0922  0.5623   0.0000 |  0.000  0.000   0.000    1.000    0.3602 [37.1s]
   7      2   0.9612  0.0919  0.5623   0.0000 |  0.000  0.000   0.000    1.000    0.3710 [45.4s]

[5/5] Evaluation on test set...

========================================================================
RESULTS
========================================================================
  Test:  P=0.000  R=0.000  F1=0.000  acc=0.989
  TP=0 FP=0 TN=48616 FN=520
  Best val F1: 0.000
  Train time:  338.7s
  Saved: /home/aisecurity/01_ZHB/SpatioTemporalKG/exp_results/realdata/results.json
========================================================================
{'test': {'P': 0.0, 'R': 0.0, 'F1': 0.0, 'accuracy': 0.9894, 'val_loss': 0.37894775623083116, 'TP': 0, 'FP': 0, 'TN': 48616, 'FN': 520, 'n_total': 49136}, 'best_val_f1': 0.0, 'epochs_ran': 8, 'train_time_sec': 338.6537265777588, 'config': {'max_actors': 25, 'epochs': 8, 'lr': 0.001, 'device': 'cuda:1', 'train_frames': 2000, 'val_frames': 2000, 'test_frames': 2000}}
