========================================================================
K-HSTGAN Real CARLA Data Experiment
  device=cuda:1, max_actors=25, epochs=8
========================================================================

[1/5] Loading real CARLA data...
  Mode: max_frames=2000
  train: 2000 frames, val: 2000, test: 2000
  Data loading: 54.9s

[2/5] Dataset stats (sampled first 50 frames):
  train: 2000 frames, avg_nodes=20.2, avg_edges=100.8, anom_nodes(sampled)=0
  val: 2000 frames, avg_nodes=10.8, avg_edges=53.9, anom_nodes(sampled)=0
  test: 2000 frames, avg_nodes=10.8, avg_edges=53.9, anom_nodes(sampled)=0

[3/5] Initializing K-HSTGAN model...
  Model: 132,607 parameters

[4/5] Training...
===============================================================================================
  ep  stage     loss      L0      L1   g_norm |  val_P  val_R  val_F1  val_acc  val_loss
-----------------------------------------------------------------------------------------------
   0      1   0.8904  0.1743  0.5637   0.0000 |  0.000  0.000   0.000    1.000    0.6931 [37.5s]
   1      1   0.8713  0.1733  0.5624   0.0000 |  0.000  0.000   0.000    1.000    0.6931 [37.0s]
   2      1   0.8698  0.1733  0.5623   0.0000 |  0.000  0.000   0.000    1.000    0.6931 [48.9s]
   3      1   0.8692  0.1733  0.5623   0.0000 |  0.000  0.000   0.000    1.000    0.6931 [44.4s]
   4      1   0.8691  0.1733  0.5623   0.0000 |  0.000  0.000   0.000    1.000    0.6931 [47.3s]
   5      2   0.8910  0.0213  0.5623   0.0000 |  0.000  0.000   0.000    1.000    0.1613 [38.7s]
   6      2   0.8880  0.0191  0.5623   0.0000 |  0.000  0.000   0.000    1.000    0.2686 [39.8s]
   7      2   0.8882  0.0192  0.5623   0.0000 |  0.000  0.000   0.000    1.000    0.1604 [49.4s]

[5/5] Evaluation on test set...

========================================================================
RESULTS
========================================================================
  Test:  P=0.000  R=0.000  F1=0.000  acc=0.989
  TP=0 FP=0 TN=48616 FN=520
  Best val F1: 0.000
  Train time:  343.0s
  Saved: /home/aisecurity/01_ZHB/SpatioTemporalKG/exp_results/realdata/results.json
========================================================================
{'test': {'P': 0.0, 'R': 0.0, 'F1': 0.0, 'accuracy': 0.9894, 'val_loss': 0.17771444386988877, 'TP': 0, 'FP': 0, 'TN': 48616, 'FN': 520, 'n_total': 49136}, 'best_val_f1': 0.0, 'epochs_ran': 8, 'train_time_sec': 343.0100495815277, 'config': {'max_actors': 25, 'epochs': 8, 'lr': 0.001, 'device': 'cuda:1', 'train_frames': 2000, 'val_frames': 2000, 'test_frames': 2000}}
