========================================================================
K-HSTGAN Real CARLA Data Experiment
  device=cuda:1, max_actors=25, epochs=8
========================================================================

[1/5] Loading real CARLA data...
  Mode: max_frames=2000
  train: 2000 frames, val: 2000, test: 2000
  Data loading: 61.7s

[2/5] Dataset stats (sampled first 50 frames):
  train: 2000 frames, avg_nodes=20.2, avg_edges=100.8, anom_nodes(sampled)=0
  val: 2000 frames, avg_nodes=10.8, avg_edges=53.9, anom_nodes(sampled)=0
  test: 2000 frames, avg_nodes=10.8, avg_edges=53.9, anom_nodes(sampled)=0

[3/5] Initializing K-HSTGAN model...
  Model: 132,607 parameters

[4/5] Training...
===============================================================================================
  ep  stage     loss      L0      L1   g_norm |  val_P  val_R  val_F1  val_acc  val_loss
-----------------------------------------------------------------------------------------------
   0      1   0.8913  0.1889  0.5651   0.0000 |  0.000  0.000   0.000    1.000    0.6931 [38.1s]
   1      2   0.9664  0.0942  0.5624   0.0000 |  0.000  0.000   0.000    1.000    0.3706 [39.8s]
   2      2   0.9634  0.0921  0.5624   0.0000 |  0.000  0.000   0.000    1.000    0.3310 [37.4s]
   3      2   0.9623  0.0918  0.5624   0.0000 |  0.000  0.000   0.000    1.000    0.3675 [42.3s]
   4      2   0.9623  0.0922  0.5623   0.0000 |  0.000  0.000   0.000    1.000    0.3763 [41.4s]
   5      2   0.9610  0.0913  0.5623   0.0000 |  0.000  0.000   0.000    1.000    0.4015 [39.4s]
   6      2   0.9613  0.0918  0.5623   0.0000 |  0.000  0.000   0.000    1.000    0.3475 [36.5s]
   7      2   0.9613  0.0919  0.5623   0.0000 |  0.000  0.000   0.000    1.000    0.3805 [36.8s]

[5/5] Evaluation on test set...

========================================================================
RESULTS
========================================================================
  Test:  P=0.000  R=0.000  F1=0.000  acc=0.989
  TP=0 FP=0 TN=48616 FN=520
  Best val F1: 0.000
  Train time:  311.6s
  Saved: /home/aisecurity/01_ZHB/SpatioTemporalKG/exp_results/realdata/results.json
========================================================================
{'test': {'P': 0.0, 'R': 0.0, 'F1': 0.0, 'accuracy': 0.9894, 'val_loss': 0.3881159327030182, 'TP': 0, 'FP': 0, 'TN': 48616, 'FN': 520, 'n_total': 49136}, 'best_val_f1': 0.0, 'epochs_ran': 8, 'train_time_sec': 311.61653780937195, 'config': {'max_actors': 25, 'epochs': 8, 'lr': 0.001, 'device': 'cuda:1', 'train_frames': 2000, 'val_frames': 2000, 'test_frames': 2000}}
