========================================================================
K-HSTGAN Real CARLA Data Experiment
  device=cuda:1, max_actors=25, epochs=20
========================================================================

[1/5] Loading real CARLA data...
  Mode: max_frames=2000
  train: 2000 frames, val: 2000, test: 2000
  Data loading: 63.7s

[2/5] Dataset stats (sampled first 50 frames):
  train: 2000 frames, avg_nodes=20.2, avg_edges=100.8, anom_nodes(sampled)=0
  val: 2000 frames, avg_nodes=10.8, avg_edges=53.9, anom_nodes(sampled)=0
  test: 2000 frames, avg_nodes=10.8, avg_edges=53.9, anom_nodes(sampled)=0

[3/5] Initializing K-HSTGAN model...
  Model: 132,607 parameters

[4/5] Training...
===============================================================================================
  ep  stage     loss      L0      L1   g_norm |  val_P  val_R  val_F1  val_acc  val_loss
-----------------------------------------------------------------------------------------------
  [oversample] pos_frames=401, neg_frames=1599 (of 2000 scanned), repeat=5, pool_size=3604, sampled=2000
   0      2   0.9637  0.0401  0.5823   0.0000 |  1.000  1.000   1.000    1.000    0.0383 [43.8s]
   1      2   0.9119  0.0108  0.5819   0.0000 |  1.000  1.000   1.000    1.000    0.0160 [44.6s]
   2      2   0.9013  0.0063  0.5823   0.0000 |  1.000  1.000   1.000    1.000    0.0277 [46.6s]
   3      2   0.8961  0.0040  0.5822   0.0000 |  1.000  1.000   1.000    1.000    0.0369 [46.0s]
   4      2   0.8957  0.0060  0.5809   0.0000 |  1.000  1.000   1.000    1.000    0.0276 [44.0s]
   5      2   0.8946  0.0054  0.5809   0.0000 |  1.000  1.000   1.000    1.000    0.0192 [42.3s]
   6      2   0.8946  0.0047  0.5828   0.0000 |  1.000  1.000   1.000    1.000    0.0021 [45.5s]
   7      2   0.8973  0.0082  0.5811   0.0000 |  1.000  1.000   1.000    1.000    0.0234 [50.6s]
   8      2   0.8927  0.0049  0.5804   0.0000 |  1.000  1.000   1.000    1.000    0.0238 [40.5s]
   9      2   0.8949  0.0060  0.5819   0.0000 |  1.000  1.000   1.000    1.000    0.0145 [41.7s]
  10      2   0.8971  0.0068  0.5835   0.0000 |  1.000  1.000   1.000    1.000    0.0147 [38.9s]
  11      2   0.8938  0.0057  0.5812   0.0000 |  1.000  1.000   1.000    1.000    0.0346 [40.9s]
  12      2   0.8919  0.0033  0.5820   0.0000 |  1.000  1.000   1.000    1.000    0.0410 [39.5s]
  13      2   0.8963  0.0075  0.5824   0.0000 |  1.000  1.000   1.000    1.000    0.0258 [40.5s]
  14      2   0.8938  0.0056  0.5818   0.0000 |  1.000  1.000   1.000    1.000    0.0242 [42.8s]
  15      2   0.8908  0.0030  0.5816   0.0000 |  1.000  1.000   1.000    1.000    0.0214 [42.3s]
  16      2   0.8925  0.0057  0.5807   0.0000 |  1.000  1.000   1.000    1.000    0.0331 [40.4s]
  17      2   0.8956  0.0070  0.5822   0.0000 |  1.000  1.000   1.000    1.000    0.0480 [38.4s]
  18      2   0.8948  0.0061  0.5822   0.0000 |  1.000  1.000   1.000    1.000    0.0235 [45.5s]
  19      2   0.8910  0.0040  0.5803   0.0000 |  1.000  1.000   1.000    1.000    0.0198 [42.4s]

[5/5] Evaluation on test set...

========================================================================
RESULTS
========================================================================
  Test:  P=1.000  R=0.727  F1=0.842  acc=0.997
  TP=378 FP=0 TN=48616 FN=142
  Best val F1: 1.000
  Train time:  857.1s
  Saved: exp_results/ablations/C_gamma2/results.json
========================================================================
{'test': {'P': 1.0, 'R': 0.7269, 'F1': 0.8419, 'accuracy': 0.9971, 'val_loss': 0.04793367576040328, 'TP': 378, 'FP': 0, 'TN': 48616, 'FN': 142, 'n_total': 49136}, 'best_val_f1': 1.0, 'epochs_ran': 20, 'train_time_sec': 857.0692505836487, 'config': {'max_actors': 25, 'epochs': 20, 'lr': 0.001, 'device': 'cuda:1', 'train_frames': 2000, 'val_frames': 2000, 'test_frames': 2000}}
