========================================================================
K-HSTGAN Real CARLA Data Experiment
  device=cuda:0, max_actors=25, epochs=20
========================================================================

[1/5] Loading real CARLA data...
  Mode: max_frames=2000
  train: 2000 frames, val: 2000, test: 2000
  Data loading: 70.6s

[2/5] Dataset stats (sampled first 50 frames):
  train: 2000 frames, avg_nodes=20.2, avg_edges=100.8, anom_nodes(sampled)=0
  val: 2000 frames, avg_nodes=10.8, avg_edges=53.9, anom_nodes(sampled)=0
  test: 2000 frames, avg_nodes=10.8, avg_edges=53.9, anom_nodes(sampled)=0

[3/5] Initializing K-HSTGAN model...
  Model: 132,607 parameters

[4/5] Training...
===============================================================================================
  ep  stage     loss      L0      L1   g_norm |  val_P  val_R  val_F1  val_acc  val_loss
-----------------------------------------------------------------------------------------------
   0      2   0.9244  0.0223  0.5645   0.0000 |  1.000  1.000   1.000    1.000    0.0828 [37.6s]
   1      2   0.8889  0.0075  0.5624   0.0000 |  0.001  1.000   0.003    0.625    0.1545 [37.5s]
   2      2   0.8841  0.0057  0.5624   0.0000 |  0.111  1.000   0.200    0.996    0.1097 [45.2s]
   3      2   0.8820  0.0052  0.5623   0.0000 |  0.002  1.000   0.004    0.718    0.1381 [36.5s]
   4      2   0.8793  0.0037  0.5623   0.0000 |  1.000  1.000   1.000    1.000    0.0806 [37.0s]
   5      2   0.8781  0.0033  0.5623   0.0000 |  0.002  1.000   0.005    0.779    0.1362 [45.4s]
   6      2   0.8764  0.0019  0.5623   0.0000 |  1.000  1.000   1.000    1.000    0.0774 [39.8s]
   7      2   0.8759  0.0018  0.5623   0.0000 |  1.000  1.000   1.000    1.000    0.0637 [41.2s]
   8      2   0.8749  0.0013  0.5623   0.0000 |  0.001  1.000   0.002    0.406    0.1898 [44.7s]
   9      2   0.8749  0.0014  0.5623   0.0000 |  0.004  1.000   0.007    0.853    0.1247 [44.4s]
  10      2   0.8745  0.0012  0.5623   0.0000 |  1.000  1.000   1.000    1.000    0.0732 [40.6s]
  11      2   0.8745  0.0012  0.5623   0.0000 |  1.000  1.000   1.000    1.000    0.0924 [44.0s]
  12      2   0.8742  0.0010  0.5623   0.0000 |  1.000  1.000   1.000    1.000    0.0675 [42.1s]
  13      2   0.8741  0.0010  0.5623   0.0000 |  0.001  1.000   0.001    0.114    0.1973 [43.0s]
  14      2   0.8746  0.0014  0.5623   0.0000 |  1.000  1.000   1.000    1.000    0.1033 [39.6s]
  15      2   0.8741  0.0011  0.5623   0.0000 |  1.000  1.000   1.000    1.000    0.0483 [46.5s]
  16      2   0.8743  0.0012  0.5623   0.0000 |  1.000  1.000   1.000    1.000    0.0637 [43.1s]
  17      2   0.8742  0.0011  0.5623   0.0000 |  1.000  1.000   1.000    1.000    0.0729 [37.0s]
  18      2   0.8749  0.0019  0.5623   0.0000 |  1.000  1.000   1.000    1.000    0.0988 [43.7s]
  19      2   0.8742  0.0010  0.5623   0.0000 |  1.000  1.000   1.000    1.000    0.0690 [41.8s]

[5/5] Evaluation on test set...

========================================================================
RESULTS
========================================================================
  Test:  P=1.000  R=0.727  F1=0.842  acc=0.997
  TP=378 FP=0 TN=48616 FN=142
  Best val F1: 1.000
  Train time:  830.7s
  Saved: exp_results/ablations/A_no_oversample/results.json
========================================================================
{'test': {'P': 1.0, 'R': 0.7269, 'F1': 0.8419, 'accuracy': 0.9971, 'val_loss': 0.09228515161573887, 'TP': 378, 'FP': 0, 'TN': 48616, 'FN': 142, 'n_total': 49136}, 'best_val_f1': 1.0, 'epochs_ran': 20, 'train_time_sec': 830.6972770690918, 'config': {'max_actors': 25, 'epochs': 20, 'lr': 0.001, 'device': 'cuda:0', 'train_frames': 2000, 'val_frames': 2000, 'test_frames': 2000}}
