========================================================================
K-HSTGAN Real CARLA Data Experiment
  device=cuda:3, max_actors=25, epochs=20
========================================================================

[1/5] Loading real CARLA data...
  Mode: max_frames=2000
  train: 2000 frames, val: 2000, test: 2000
  Data loading: 66.1s

[2/5] Dataset stats (sampled first 50 frames):
  train: 2000 frames, avg_nodes=20.2, avg_edges=100.8, anom_nodes(sampled)=0
  val: 2000 frames, avg_nodes=10.8, avg_edges=53.9, anom_nodes(sampled)=0
  test: 2000 frames, avg_nodes=10.8, avg_edges=53.9, anom_nodes(sampled)=0

[3/5] Initializing K-HSTGAN model...
  Model: 132,607 parameters

[4/5] Training...
===============================================================================================
  ep  stage     loss      L0      L1   g_norm |  val_P  val_R  val_F1  val_acc  val_loss
-----------------------------------------------------------------------------------------------
  [oversample] pos_frames=401, neg_frames=1599 (of 2000 scanned), repeat=5, pool_size=3604, sampled=2000
   0      2   0.9974  0.0880  0.5835   0.0000 |  0.001  1.000   0.001    0.001    0.5428 [48.0s]
   1      2   0.9745  0.0870  0.5803   0.0000 |  0.001  1.000   0.001    0.001    0.5257 [46.5s]
   2      2   0.9724  0.0855  0.5820   0.0000 |  0.001  1.000   0.001    0.001    0.5302 [47.7s]
   3      2   0.9742  0.0869  0.5834   0.0000 |  0.001  1.000   0.001    0.001    0.5337 [45.6s]
   4      2   0.9724  0.0862  0.5830   0.0000 |  0.001  1.000   0.001    0.001    0.5478 [47.3s]
   5      2   0.9712  0.0868  0.5812   0.0000 |  0.001  1.000   0.001    0.001    0.5474 [45.6s]
   6      2   0.9717  0.0865  0.5825   0.0000 |  0.001  1.000   0.001    0.001    0.5398 [46.6s]
   7      2   0.9705  0.0862  0.5815   0.0000 |  0.001  1.000   0.001    0.001    0.5292 [45.0s]
   8      2   0.9703  0.0861  0.5819   0.0000 |  0.001  1.000   0.001    0.001    0.5234 [47.1s]
   9      2   0.9686  0.0852  0.5810   0.0000 |  0.001  1.000   0.001    0.001    0.5379 [47.1s]
  10      2   0.9693  0.0851  0.5820   0.0000 |  0.001  1.000   0.001    0.001    0.5370 [47.7s]
  11      2   0.9702  0.0862  0.5820   0.0000 |  0.001  1.000   0.001    0.001    0.5326 [44.7s]
  12      2   0.9688  0.0860  0.5808   0.0000 |  0.001  1.000   0.001    0.001    0.5302 [46.8s]
  13      2   0.9718  0.0871  0.5827   0.0000 |  0.001  1.000   0.001    0.001    0.5365 [45.5s]
  14      2   0.9698  0.0856  0.5819   0.0000 |  0.001  1.000   0.001    0.001    0.5285 [47.3s]
  15      2   0.9694  0.0856  0.5815   0.0000 |  0.001  1.000   0.001    0.001    0.5544 [46.3s]
  16      2   0.9680  0.0854  0.5803   0.0000 |  0.001  1.000   0.001    0.001    0.5268 [47.9s]
  17      2   0.9694  0.0864  0.5809   0.0000 |  0.001  1.000   0.001    0.001    0.5261 [46.7s]
  18      2   0.9704  0.0865  0.5818   0.0000 |  0.001  1.000   0.001    0.001    0.5387 [44.9s]
  19      2   0.9702  0.0862  0.5821   0.0000 |  0.001  1.000   0.001    0.001    0.5357 [46.8s]

[5/5] Evaluation on test set...

========================================================================
RESULTS
========================================================================
  Test:  P=0.011  R=1.000  F1=0.021  acc=0.011
  TP=520 FP=48616 TN=0 FN=0
  Best val F1: 0.001
  Train time:  931.0s
  Saved: exp_results/ablations/B_no_skipconn/results.json
========================================================================
{'test': {'P': 0.0106, 'R': 1.0, 'F1': 0.0209, 'accuracy': 0.0106, 'val_loss': 0.5460493279993535, 'TP': 520, 'FP': 48616, 'TN': 0, 'FN': 0, 'n_total': 49136}, 'best_val_f1': 0.0011, 'epochs_ran': 20, 'train_time_sec': 931.0123066902161, 'config': {'max_actors': 25, 'epochs': 20, 'lr': 0.001, 'device': 'cuda:3', 'train_frames': 2000, 'val_frames': 2000, 'test_frames': 2000}}
