========================================================================
K-HSTGAN Real CARLA Data Experiment
  device=cuda:2, max_actors=25, epochs=20
========================================================================

[1/5] Loading real CARLA data...
  Mode: max_frames=2000
  train: 2000 frames, val: 2000, test: 2000
  Data loading: 61.0s

[2/5] Dataset stats (sampled first 50 frames):
  train: 2000 frames, avg_nodes=20.2, avg_edges=100.8, anom_nodes(sampled)=0
  val: 2000 frames, avg_nodes=10.8, avg_edges=53.9, anom_nodes(sampled)=0
  test: 2000 frames, avg_nodes=10.8, avg_edges=53.9, anom_nodes(sampled)=0

[3/5] Initializing K-HSTGAN model...
  Model: 132,607 parameters

[4/5] Training...
===============================================================================================
  ep  stage     loss      L0      L1   g_norm |  val_P  val_R  val_F1  val_acc  val_loss
-----------------------------------------------------------------------------------------------
  [oversample] pos_frames=401, neg_frames=1599 (of 2000 scanned), repeat=5, pool_size=3604, sampled=2000
   0      2   0.9461  0.0246  0.5829   0.0000 |  0.040  1.000   0.076    0.987    0.0992 [39.9s]
   1      2   0.9066  0.0059  0.5818   0.0000 |  1.000  1.000   1.000    1.000    0.0316 [46.9s]
   2      2   0.8996  0.0037  0.5813   0.0000 |  0.006  1.000   0.011    0.907    0.1356 [41.9s]
   3      2   0.8964  0.0025  0.5817   0.0000 |  1.000  1.000   1.000    1.000    0.0626 [39.5s]
   4      2   0.8952  0.0034  0.5815   0.0000 |  0.001  1.000   0.001    0.004    0.3648 [39.4s]
   5      2   0.8922  0.0015  0.5815   0.0000 |  1.000  1.000   1.000    1.000    0.0551 [45.4s]
   6      2   0.8932  0.0030  0.5817   0.0000 |  1.000  1.000   1.000    1.000    0.0759 [42.5s]
   7      2   0.8918  0.0028  0.5810   0.0000 |  1.000  1.000   1.000    1.000    0.0573 [42.7s]
   8      2   0.8916  0.0032  0.5812   0.0000 |  1.000  1.000   1.000    1.000    0.0795 [40.4s]
   9      2   0.8907  0.0032  0.5804   0.0000 |  1.000  1.000   1.000    1.000    0.0829 [41.0s]
  10      2   0.8924  0.0035  0.5819   0.0000 |  1.000  1.000   1.000    1.000    0.0485 [42.1s]
  11      2   0.8896  0.0022  0.5813   0.0000 |  1.000  1.000   1.000    1.000    0.0486 [42.0s]
  12      2   0.8913  0.0044  0.5799   0.0000 |  1.000  1.000   1.000    1.000    0.0533 [36.9s]
  13      2   0.8893  0.0021  0.5804   0.0000 |  1.000  1.000   1.000    1.000    0.1399 [40.8s]
  14      2   0.8894  0.0022  0.5811   0.0000 |  1.000  1.000   1.000    1.000    0.0486 [43.4s]
  15      2   0.8921  0.0035  0.5823   0.0000 |  1.000  1.000   1.000    1.000    0.0693 [39.5s]
  16      2   0.8915  0.0028  0.5822   0.0000 |  1.000  1.000   1.000    1.000    0.0680 [46.3s]
  17      2   0.8903  0.0031  0.5812   0.0000 |  1.000  1.000   1.000    1.000    0.0736 [41.6s]
  18      2   0.8908  0.0029  0.5818   0.0000 |  1.000  1.000   1.000    1.000    0.0819 [41.4s]
  19      2   0.8901  0.0027  0.5817   0.0000 |  1.000  1.000   1.000    1.000    0.0445 [44.0s]

[5/5] Evaluation on test set...

========================================================================
RESULTS
========================================================================
  Test:  P=1.000  R=1.000  F1=1.000  acc=1.000
  TP=520 FP=0 TN=48616 FN=0
  Best val F1: 1.000
  Train time:  837.7s
  Saved: exp_results/ablations/D_alpha100/results.json
========================================================================
{'test': {'P': 1.0, 'R': 1.0, 'F1': 1.0, 'accuracy': 1.0, 'val_loss': 0.03454040500801057, 'TP': 520, 'FP': 0, 'TN': 48616, 'FN': 0, 'n_total': 49136}, 'best_val_f1': 1.0, 'epochs_ran': 20, 'train_time_sec': 837.6604161262512, 'config': {'max_actors': 25, 'epochs': 20, 'lr': 0.001, 'device': 'cuda:2', 'train_frames': 2000, 'val_frames': 2000, 'test_frames': 2000}}
