========================================================================
K-HSTGAN Real CARLA Data Experiment
  device=cuda:0, max_actors=25, epochs=20
========================================================================

[1/5] Loading real CARLA data...
  Mode: ALL frames (full train/val/test)
  train: 16800 frames, val: 4110, test: 4110
  Data loading: 179.5s

[2/5] Dataset stats (sampled first 50 frames):
  train: 16800 frames, avg_nodes=9.5, avg_edges=47.4, anom_nodes(sampled)=0
  val: 4110 frames, avg_nodes=9.5, avg_edges=47.4, anom_nodes(sampled)=0
  test: 4110 frames, avg_nodes=9.5, avg_edges=47.4, anom_nodes(sampled)=0

[3/5] Initializing K-HSTGAN model...
  Model: 132,607 parameters

[4/5] Training...
===============================================================================================
  ep  stage     loss      L0      L1   g_norm |  val_P  val_R  val_F1  val_acc  val_loss
-----------------------------------------------------------------------------------------------
   0      2   0.9381  0.0200  0.5789   0.0000 |  1.000  1.000   1.000    1.000    0.0598 [37.6s]
   1      2   0.8982  0.0025  0.5751   0.0000 |  1.000  1.000   1.000    1.000    0.0392 [41.9s]
   2      2   0.8926  0.0010  0.5750   0.0000 |  1.000  1.000   1.000    1.000    0.0527 [36.2s]
   3      2   0.8911  0.0020  0.5749   0.0000 |  1.000  1.000   1.000    1.000    0.0344 [41.9s]
   4      2   0.8893  0.0013  0.5750   0.0000 |  1.000  1.000   1.000    1.000    0.0168 [36.0s]
   5      2   0.8883  0.0012  0.5750   0.0000 |  1.000  1.000   1.000    1.000    0.0210 [42.8s]
   6      2   0.8867  0.0003  0.5749   0.0000 |  1.000  1.000   1.000    1.000    0.0055 [41.5s]
   7      2   0.8876  0.0015  0.5749   0.0000 |  1.000  1.000   1.000    1.000    0.0244 [38.7s]
   8      2   0.8872  0.0013  0.5749   0.0000 |  1.000  1.000   1.000    1.000    0.0197 [39.5s]
   9      2   0.8881  0.0022  0.5749   0.0000 |  1.000  1.000   1.000    1.000    0.0170 [39.6s]
  10      2   0.8869  0.0013  0.5750   0.0000 |  1.000  1.000   1.000    1.000    0.0186 [37.9s]
  11      2   0.8877  0.0021  0.5749   0.0000 |  1.000  1.000   1.000    1.000    0.0087 [38.0s]
  12      2   0.8874  0.0019  0.5749   0.0000 |  1.000  1.000   1.000    1.000    0.0146 [42.7s]
  13      2   0.8867  0.0011  0.5750   0.0000 |  1.000  1.000   1.000    1.000    0.0237 [42.2s]
  14      2   0.8870  0.0014  0.5749   0.0000 |  1.000  1.000   1.000    1.000    0.0241 [39.2s]
  15      2   0.8860  0.0007  0.5749   0.0000 |  1.000  1.000   1.000    1.000    0.0008 [38.4s]
  16      2   0.8898  0.0042  0.5749   0.0000 |  1.000  1.000   1.000    1.000    0.0278 [36.4s]
  17      2   0.8861  0.0008  0.5749   0.0000 |  1.000  1.000   1.000    1.000    0.0155 [41.2s]
  18      2   0.8870  0.0018  0.5749   0.0000 |  1.000  1.000   1.000    1.000    0.0256 [42.9s]
  19      2   0.8880  0.0025  0.5749   0.0000 |  1.000  1.000   1.000    1.000    0.0212 [36.3s]

[5/5] Evaluation on test set...

========================================================================
RESULTS
========================================================================
  Test:  P=1.000  R=0.361  F1=0.530  acc=0.993
  TP=379 FP=0 TN=99864 FN=671
  Best val F1: 1.000
  Train time:  791.0s
  Saved: /home/aisecurity/01_ZHB/SpatioTemporalKG/exp_results/realdata/results.json
========================================================================
{'test': {'P': 1.0, 'R': 0.361, 'F1': 0.5304, 'accuracy': 0.9934, 'val_loss': 0.07500055575077116, 'TP': 379, 'FP': 0, 'TN': 99864, 'FN': 671, 'n_total': 100914}, 'best_val_f1': 1.0, 'epochs_ran': 20, 'train_time_sec': 790.9711284637451, 'config': {'max_actors': 25, 'epochs': 20, 'lr': 0.001, 'device': 'cuda:0', 'train_frames': 16800, 'val_frames': 4110, 'test_frames': 4110}}
